
> genesis-os-monorepo@1.0.0 build
> npm run build --workspace=packages/frontend


> @genesis-os/frontend@1.0.0 build
> tsc -b && vite build

vite v6.4.3 building for production...
transforming...
✓ 1031 modules transformed.
rendering chunks...
[plugin vite:reporter] 
(!) C:/Users/Admin/Documents/GitHub/Elion-Replit-grudzien-5rano/node_modules/three/build/three.module.js is dynamically imported by C:/Users/Admin/Documents/GitHub/Elion-Replit-grudzien-5rano/packages/frontend/src/components/holo/EngineCoreHolo.tsx, C:/Users/Admin/Documents/GitHub/Elion-Replit-grudzien-5rano/packages/frontend/src/core/reality/RealityEngine.ts, C:/Users/Admin/Documents/GitHub/Elion-Replit-grudzien-5rano/packages/frontend/src/core/three/useThreeLoop.ts but also statically imported by C:/Users/Admin/Documents/GitHub/Elion-Replit-grudzien-5rano/node_modules/three/examples/jsm/controls/OrbitControls.js, C:/Users/Admin/Documents/GitHub/Elion-Replit-grudzien-5rano/node_modules/three/examples/jsm/controls/PointerLockControls.js, C:/Users/Admin/Documents/GitHub/Elion-Replit-grudzien-5rano/node_modules/three/examples/jsm/loaders/GLTFLoader.js, C:/Users/Admin/Documents/GitHub/Elion-Replit-grudzien-5rano/node_modules/three/examples/jsm/loaders/RGBELoader.js, C:/Users/Admin/Documents/GitHub/Elion-Replit-grudzien-5rano/node_modules/three/examples/jsm/objects/Reflector.js, C:/Users/Admin/Documents/GitHub/Elion-Replit-grudzien-5rano/node_modules/three/examples/jsm/postprocessing/BokehPass.js, C:/Users/Admin/Documents/GitHub/Elion-Replit-grudzien-5rano/node_modules/three/examples/jsm/postprocessing/EffectComposer.js, C:/Users/Admin/Documents/GitHub/Elion-Replit-grudzien-5rano/node_modules/three/examples/jsm/postprocessing/GTAOPass.js, C:/Users/Admin/Documents/GitHub/Elion-Replit-grudzien-5rano/node_modules/three/examples/jsm/postprocessing/OutputPass.js, C:/Users/Admin/Documents/GitHub/Elion-Replit-grudzien-5rano/node_modules/three/examples/jsm/postprocessing/Pass.js, C:/Users/Admin/Documents/GitHub/Elion-Replit-grudzien-5rano/node_modules/three/examples/jsm/postprocessing/RenderPass.js, C:/Users/Admin/Documents/GitHub/Elion-Replit-grudzien-5rano/node_modules/three/examples/jsm/postprocessing/SMAAPass.js, C:/Users/Admin/Documents/GitHub/Elion-Replit-grudzien-5rano/node_modules/three/examples/jsm/postprocessing/SSAOPass.js, C:/Users/Admin/Documents/GitHub/Elion-Replit-grudzien-5rano/node_modules/three/examples/jsm/postprocessing/SSRPass.js, C:/Users/Admin/Documents/GitHub/Elion-Replit-grudzien-5rano/node_modules/three/examples/jsm/postprocessing/ShaderPass.js, C:/Users/Admin/Documents/GitHub/Elion-Replit-grudzien-5rano/node_modules/three/examples/jsm/postprocessing/UnrealBloomPass.js, C:/Users/Admin/Documents/GitHub/Elion-Replit-grudzien-5rano/node_modules/three/examples/jsm/shaders/GTAOShader.js, C:/Users/Admin/Documents/GitHub/Elion-Replit-grudzien-5rano/node_modules/three/examples/jsm/shaders/LuminosityHighPassShader.js, C:/Users/Admin/Documents/GitHub/Elion-Replit-grudzien-5rano/node_modules/three/examples/jsm/shaders/PoissonDenoiseShader.js, C:/Users/Admin/Documents/GitHub/Elion-Replit-grudzien-5rano/node_modules/three/examples/jsm/shaders/SMAAShader.js, C:/Users/Admin/Documents/GitHub/Elion-Replit-grudzien-5rano/node_modules/three/examples/jsm/shaders/SSAOShader.js, C:/Users/Admin/Documents/GitHub/Elion-Replit-grudzien-5rano/node_modules/three/examples/jsm/shaders/SSRShader.js, C:/Users/Admin/Documents/GitHub/Elion-Replit-grudzien-5rano/node_modules/three/examples/jsm/utils/BufferGeometryUtils.js, C:/Users/Admin/Documents/GitHub/Elion-Replit-grudzien-5rano/packages/frontend/src/components/CernComplexView.tsx, C:/Users/Admin/Documents/GitHub/Elion-Replit-grudzien-5rano/packages/frontend/src/components/ColliderChamber.tsx, C:/Users/Admin/Documents/GitHub/Elion-Replit-grudzien-5rano/packages/frontend/src/components/LabFpvView.tsx, C:/Users/Admin/Documents/GitHub/Elion-Replit-grudzien-5rano/packages/frontend/src/core/lab/genesisWorldVisualizationPort.ts, C:/Users/Admin/Documents/GitHub/Elion-Replit-grudzien-5rano/packages/ui/src/cern/Cern5dPostProcessing.ts, C:/Users/Admin/Documents/GitHub/Elion-Replit-grudzien-5rano/packages/ui/src/cern/EventHorizonShader.ts, C:/Users/Admin/Documents/GitHub/Elion-Replit-grudzien-5rano/packages/ui/src/cern/LabComplexGpu.ts, C:/Users/Admin/Documents/GitHub/Elion-Replit-grudzien-5rano/packages/ui/src/cern/TunnelWalkthroughGpu.ts, C:/Users/Admin/Documents/GitHub/Elion-Replit-grudzien-5rano/packages/ui/src/collider/ColliderGpu.ts, C:/Users/Admin/Documents/GitHub/Elion-Replit-grudzien-5rano/packages/ui/src/lab/LabFpvGpu.ts, C:/Users/Admin/Documents/GitHub/Elion-Replit-grudzien-5rano/packages/ui/src/matrix/HypergraphGpu.ts, C:/Users/Admin/Documents/GitHub/Elion-Replit-grudzien-5rano/packages/ui/src/matrix/MatrixRoute.tsx, dynamic import will not move module into another chunk.

[plugin vite:reporter] 
(!) C:/Users/Admin/Documents/GitHub/Elion-Replit-grudzien-5rano/packages/frontend/src/components/DeciphermentWorkspace.tsx is dynamically imported by C:/Users/Admin/Documents/GitHub/Elion-Replit-grudzien-5rano/packages/frontend/src/App.tsx but also statically imported by C:/Users/Admin/Documents/GitHub/Elion-Replit-grudzien-5rano/packages/frontend/src/components/ScienceChat.tsx, dynamic import will not move module into another chunk.

computing gzip size...
dist/index.html                                               1.79 kB │ gzip:     0.74 kB
dist/assets/index-DJuLV5wN.css                              371.63 kB │ gzip:    69.11 kB
dist/assets/FingerprintChip-Dk0f3Jh3.js                       0.30 kB │ gzip:     0.20 kB
dist/assets/provenance-Fhd80Ujb.js                            0.31 kB │ gzip:     0.26 kB
dist/assets/CopyShader-BzTUYzf6.js                            0.44 kB │ gzip:     0.28 kB
dist/assets/observationExecution-CHHiaHD5.js                  0.46 kB │ gzip:     0.35 kB
dist/assets/stateVisualization-6m7phzco.js                    0.58 kB │ gzip:     0.35 kB
dist/assets/ionPresets-DKu-cz1I.js                            0.62 kB │ gzip:     0.25 kB
dist/assets/spatialOverlayContext-4-Xo5rB-.js                 0.66 kB │ gzip:     0.38 kB
dist/assets/Pass-BniIFsMU.js                                  0.70 kB │ gzip:     0.40 kB
dist/assets/shadowPolicy-DjSz1SL5.js                          0.72 kB │ gzip:     0.45 kB
dist/assets/LockedScreen-IZBP09Vl.js                          0.78 kB │ gzip:     0.36 kB
dist/assets/ShaderPass-b4Ir_UUO.js                            0.92 kB │ gzip:     0.46 kB
dist/assets/visualState-_Y6yaBvw.js                           0.96 kB │ gzip:     0.44 kB
dist/assets/cameraRig-Cop-HH54.js                             1.02 kB │ gzip:     0.48 kB
dist/assets/WorldChrome-qS7ypBxQ.js                           1.04 kB │ gzip:     0.43 kB
dist/assets/cinematicCamera-C3YVPZFt.js                       1.06 kB │ gzip:     0.57 kB
dist/assets/waterInfrastructureBridge-B5EGg0Ci.js             1.07 kB │ gzip:     0.56 kB
dist/assets/RenderPass-DuowxjFE.js                            1.10 kB │ gzip:     0.43 kB
dist/assets/water-XUP3cvNF.js                                 1.13 kB │ gzip:     0.68 kB
dist/assets/clock-BpNT16za.js                                 1.18 kB │ gzip:     0.51 kB
dist/assets/branches-BtP27Z7H.js                              1.32 kB │ gzip:     0.66 kB
dist/assets/signageKit-B0cFU_eI.js                            1.37 kB │ gzip:     0.59 kB
dist/assets/sceneRegistry-gEtzD1Mf.js                         1.45 kB │ gzip:     0.75 kB
dist/assets/analysis-CpUw1S7g.js                              1.46 kB │ gzip:     0.78 kB
dist/assets/whyNextExperiment-d824aN6n.js                     1.52 kB │ gzip:     0.88 kB
dist/assets/primitives-B297vop3.js                            1.78 kB │ gzip:     0.70 kB
dist/assets/worldCapture-CGdCvryc.js                          1.95 kB │ gzip:     0.95 kB
dist/assets/electricalKit-DDm2UbzD.js                         1.97 kB │ gzip:     0.85 kB
dist/assets/interaction-Bqqqpfv0.js                           1.99 kB │ gzip:     0.92 kB
dist/assets/mirrorTwin-Dc5GYHzG.js                            2.00 kB │ gzip:     0.87 kB
dist/assets/labKit-_CeE1REi.js                                2.21 kB │ gzip:     0.96 kB
dist/assets/PointerLockControls-DfZ0f-yb.js                   2.29 kB │ gzip:     0.81 kB
dist/assets/atmosphere-BILK9CTy.js                            2.30 kB │ gzip:     1.26 kB
dist/assets/experienceMode-Cuj_Wt80.js                        2.45 kB │ gzip:     1.16 kB
dist/assets/waterInfrastructure-CceKmb7I.js                   2.46 kB │ gzip:     1.12 kB
dist/assets/createScientificWorld-s49Tg5Zp.js                 2.64 kB │ gzip:     1.30 kB
dist/assets/MirrorStatusScreen-Cq_8xzQs.js                    2.66 kB │ gzip:     1.13 kB
dist/assets/postProcessing-5zvqigl_.js                        2.72 kB │ gzip:     1.31 kB
dist/assets/EvidenceSourceStatusPanel-BnmSOl1C.js             2.76 kB │ gzip:     1.43 kB
dist/assets/spatialImport-aTA_Cnyz.js                         2.80 kB │ gzip:     1.55 kB
dist/assets/MatrixStageView-TTFBjzFj.js                       2.81 kB │ gzip:     1.17 kB
dist/assets/humanTwinAsset-WhLNVnIX.js                        2.91 kB │ gzip:     1.45 kB
dist/assets/OutputPass-B3sBAWSa.js                            2.96 kB │ gzip:     1.03 kB
dist/assets/sceneEnvironment-D1VaSo-R.js                      3.21 kB │ gzip:     1.66 kB
dist/assets/RGBELoader-jddNLdGy.js                            3.51 kB │ gzip:     1.68 kB
dist/assets/CharacterLabScreen-ND9PQQ6K.js                    3.69 kB │ gzip:     1.84 kB
dist/assets/SimulationGeneratorScreen-DInuEDtt.js             3.74 kB │ gzip:     1.64 kB
dist/assets/counterfactualCompare-Dl6hx-TL.js                 3.75 kB │ gzip:     1.67 kB
dist/assets/firstPersonController-D96p6Uy3.js                 3.78 kB │ gzip:     1.41 kB
dist/assets/TemporalCinematicScreen-BBF9hqbu.js               3.86 kB │ gzip:     1.67 kB
dist/assets/EffectComposer-DYflDwBz.js                        3.93 kB │ gzip:     1.21 kB
dist/assets/ColliderGpu-BeJy0XTE.js                           4.13 kB │ gzip:     1.77 kB
dist/assets/CalibrationInquiryScreen-Scnx0Xl8.js              4.14 kB │ gzip:     2.10 kB
dist/assets/GenesisCapabilityShowcase-BjmdKSRH.js             4.29 kB │ gzip:     1.82 kB
dist/assets/StrategyRunReport-DAcGozKd.js                     4.29 kB │ gzip:     1.29 kB
dist/assets/SimplexNoise-COne2FZy.js                          4.35 kB │ gzip:     1.81 kB
dist/assets/vegetation-BgtFDhs2.js                            5.11 kB │ gzip:     1.85 kB
dist/assets/guideRuntime-DmFDHRQv.js                          5.14 kB │ gzip:     2.08 kB
dist/assets/WorldDirectorScreen-DdN8BZth.js                   5.76 kB │ gzip:     2.26 kB
dist/assets/SimWorldDashboard-CtSouYCC.js                     5.87 kB │ gzip:     2.73 kB
dist/assets/MetaCognitionScreen-CeqGoR3s.js                   6.00 kB │ gzip:     2.36 kB
dist/assets/ColliderChamber-BMSiH09m.js                       6.23 kB │ gzip:     2.88 kB
dist/assets/vehicleKit-uGof-MM3.js                            6.69 kB │ gzip:     2.56 kB
dist/assets/modelSufficiency-BDGCXfag.js                      6.77 kB │ gzip:     2.75 kB
dist/assets/ModelComparisonScreen-DUuGrmXc.js                 6.78 kB │ gzip:     2.64 kB
dist/assets/ConceptFilmScreen-gNnnvzA3.js                     6.79 kB │ gzip:     3.02 kB
dist/assets/StartHero-DpwUwCK4.js                             6.80 kB │ gzip:     2.58 kB
dist/assets/cityRenderer-C84rAMpy.js                          6.96 kB │ gzip:     2.70 kB
dist/assets/MythTheoryLab-BYkUqVBq.js                         7.05 kB │ gzip:     3.21 kB
dist/assets/EngineCoreHolo-BNnd5-Lu.js                        7.13 kB │ gzip:     3.00 kB
dist/assets/BokehPass-DWUfzfTF.js                             7.26 kB │ gzip:     1.61 kB
dist/assets/MonetizeScreen-CxIs74on.js                        7.53 kB │ gzip:     2.93 kB
dist/assets/DiscoveryHallScreen-DdLqbS_p.js                   7.74 kB │ gzip:     3.60 kB
dist/assets/ModelConflictPanel-D6odeNCN.js                    8.02 kB │ gzip:     3.22 kB
dist/assets/GenesisCommandCenterHero-BPkrBpb0.js              8.50 kB │ gzip:     3.39 kB
dist/assets/observationDirector-ucPCqcOd.js                   8.59 kB │ gzip:     3.50 kB
dist/assets/GovDrugCampaignScreen-DDSQaujU.js                 9.07 kB │ gzip:     3.11 kB
dist/assets/UnrealBloomPass-CV0A6N-O.js                       9.08 kB │ gzip:     2.35 kB
dist/assets/ModelTournamentPanel-DwU3ym7K.js                  9.26 kB │ gzip:     3.43 kB
dist/assets/GeodesicWorldScreen-Cp0q4GYY.js                   9.30 kB │ gzip:     3.80 kB
dist/assets/CyberWorkspace-BFVEetyu.js                        9.48 kB │ gzip:     3.04 kB
dist/assets/ProtectionPriorityScreen-D9aEBKmq.js             10.25 kB │ gzip:     3.94 kB
dist/assets/WorldProposalScreen-B_Sf_AMw.js                  10.72 kB │ gzip:     3.88 kB
dist/assets/CandidateDossierScreen-C0vf1odz.js               10.82 kB │ gzip:     3.79 kB
dist/assets/CandidateDiscoveryScreen-gHJdD7kQ.js             10.86 kB │ gzip:     4.30 kB
dist/assets/PlaceTimeline-8e4F4XYa.js                        11.10 kB │ gzip:     4.64 kB
dist/assets/LabFpvView-Bo-1cKpi.js                           11.83 kB │ gzip:     5.10 kB
dist/assets/ClockworkDashboard-Co4ZbkNg.js                   11.92 kB │ gzip:     4.31 kB
dist/assets/MatrixRoute-BZ5i_XEF.js                          12.57 kB │ gzip:     5.34 kB
dist/assets/EntanglementMeasuresScreen-DyXgp-CT.js           12.90 kB │ gzip:     4.64 kB
dist/assets/ComparisonPanel-1hbdq57H.js                      13.30 kB │ gzip:     4.81 kB
dist/assets/QuantumDecisionExplorer-B1_SBerZ.js              13.81 kB │ gzip:     5.83 kB
dist/assets/AutonomousInquiryScreen-DFltiDZV.js              14.00 kB │ gzip:     5.20 kB
dist/assets/RealityNavigator-bVlQFGt0.js                     14.19 kB │ gzip:     4.88 kB
dist/assets/PhysicsCmsZScreen-Bt63Rnw9.js                    15.71 kB │ gzip:     6.78 kB
dist/assets/VirtualLabDashboard-B-tEckMN.js                  16.58 kB │ gzip:     6.66 kB
dist/assets/InvestorDemoScreen-C7X9XnC3.js                   17.31 kB │ gzip:     5.73 kB
dist/assets/WorldsHubScreen-C9dHCiGx.js                      17.68 kB │ gzip:     6.90 kB
dist/assets/discoveryEngine-ByhdQbx5.js                      17.81 kB │ gzip:     6.78 kB
dist/assets/VisualSimulationScreen-CZwBd-dJ.js               17.93 kB │ gzip:     6.84 kB
dist/assets/EngineeringNavigator-CrNU9nqk.js                 18.96 kB │ gzip:     6.91 kB
dist/assets/CloudProjectsScreen-C1tGsTDt.js                  18.98 kB │ gzip:     6.25 kB
dist/assets/OrbitControls-BOZ53OHT.js                        18.98 kB │ gzip:     4.34 kB
dist/assets/CellLabScreen-L-Sj5WGy.js                        19.95 kB │ gzip:     7.44 kB
dist/assets/SSRPass-qNG5wZXZ.js                              20.11 kB │ gzip:     4.80 kB
dist/assets/MoleculeLabScreen-CYY5Fcfe.js                    22.86 kB │ gzip:     7.92 kB
dist/assets/CampaignScreen-CKqf4c9d.js                       24.01 kB │ gzip:     8.35 kB
dist/assets/GTAOPass-CbXy9qjT.js                             25.54 kB │ gzip:     5.99 kB
dist/assets/DiscoveryTimeline-DN-8K8XJ.js                    25.65 kB │ gzip:     9.72 kB
dist/assets/GenesisMatrixHub-DMRascK1.js                     26.19 kB │ gzip:     8.56 kB
dist/assets/PrecisionReferenceAnalysisScreen-ClPhRrVy.js     26.27 kB │ gzip:     8.54 kB
dist/assets/FirstPersonLabScreen-BmJQCxiE.js                 27.98 kB │ gzip:     8.88 kB
dist/assets/WorkspaceStage-UHXEOaqC.js                       32.55 kB │ gzip:    11.21 kB
dist/assets/GenesisScientificCityScreen-CfdlriNF.js          32.81 kB │ gzip:    11.14 kB
dist/assets/WorldDiscoveryPanel-DI1H_8SB.js                  33.10 kB │ gzip:    10.31 kB
dist/assets/temporalCinematicEngine-DGo2dIPS.js              36.95 kB │ gzip:    12.77 kB
dist/assets/govLowerHarmDiscovery-C-qruOrV.js                42.93 kB │ gzip:    15.29 kB
dist/assets/LookingGlassChat-CvDPUNzy.js                     43.32 kB │ gzip:    14.84 kB
dist/assets/GLTFLoader-6Se_gkQ3.js                           46.13 kB │ gzip:    13.73 kB
dist/assets/CernComplexView-IX_j80r2.js                      46.33 kB │ gzip:    15.55 kB
dist/assets/DrugDiscoveryScreen-DGAp22s7.js                  47.77 kB │ gzip:    13.56 kB
dist/assets/HighFidelitySliceScreen-BVlOUoMy.js              57.98 kB │ gzip:    18.82 kB
dist/assets/ExperimentPilotScreen-7nsBokNa.js                60.33 kB │ gzip:    17.45 kB
dist/assets/SMAAPass-D3s9TvhL.js                             61.38 kB │ gzip:    38.34 kB
dist/assets/GenesisWorldScreen-DSK1L86h.js                   67.97 kB │ gzip:    21.80 kB
dist/assets/labScene3D-DrltoI7u.js                           71.88 kB │ gzip:    20.88 kB
dist/assets/vendor-CcLqFlyr.js                              141.86 kB │ gzip:    45.52 kB
dist/assets/GenesisConsole-DZenW4ek.js                      155.56 kB │ gzip:    50.64 kB
dist/assets/City3DWebGLScreen-CoNGnJRa.js                   161.50 kB │ gzip:    46.13 kB
dist/assets/ScientificWorldsScreen-YQrIsiUr.js              216.55 kB │ gzip:    72.06 kB
dist/assets/sharedStore-CoOC4X5e.js                       2,040.25 kB │ gzip:   126.58 kB
dist/assets/index-BRvpdU0j.js                             2,479.34 kB │ gzip:   768.17 kB
dist/assets/EvidenceShowcaseScreen-Cq4SGtI_.js            3,262.62 kB │ gzip: 1,338.53 kB

(!) Some chunks are larger than 750 kB after minification. Consider:
- Using dynamic import() to code-split the application
- Use build.rollupOptions.output.manualChunks to improve chunking: https://rollupjs.org/configuration-options/#output-manualchunks
- Adjust chunk size limit for this warning via build.chunkSizeWarningLimit.
✓ built in 12.66s
